// Jest Snapshot v1, https://goo.gl/fbAQLP

exports[`Button component snapshot 1`] = `
<View
  accessible={true}
  collapsable={false}
  focusable={true}
  onClick={[Function]}
  onResponderGrant={[Function]}
  onResponderMove={[Function]}
  onResponderRelease={[Function]}
  onResponderTerminate={[Function]}
  onResponderTerminationRequest={[Function]}
  onStartShouldSetResponder={[Function]}
  style={
    Object {
      "opacity": 1,
    }
  }
>
  <View
    style={
      Object {
        "alignSelf": "center",
        "backgroundColor": "#1ca3ec",
        "borderRadius": 50,
        "margin": 10,
        "padding": 0,
        "paddingHorizontal": 10,
        "paddingVertical": 10,
        "width": 125,
      }
    }
  >
    <Text
      style={
        Object {
          "color": "#ffffff",
          "fontSize": 18,
          "padding": 5,
          "textAlign": "center",
        }
      }
    >
      welcome
    </Text>
  </View>
</View>
`;
